// Jest Snapshot v1, https://goo.gl/fbAQLP

exports[`App should render successfully 1`] = `
<div
  className="app"
>
  <h1
    className="app__header"
  >
    <img
      alt=""
      className="app__logo"
      src="/react.svg"
    />
    React Heroes
  </h1>
  <nav>
    <NavLink
      activeClassName="active"
      className="app__navLink"
      to="/dashboard"
    >
      Dashboard
    </NavLink>
    <NavLink
      activeClassName="active"
      className="app__navLink"
      to="/heroes"
    >
      Heroes
    </NavLink>
  </nav>
  <Route
    component={[Function]}
    path="/dashboard"
  />
  <Route
    component={[Function]}
    path="/heroes"
  />
  <Route
    component={[Function]}
    path="/hero-details/:id"
  />
</div>
`;
